// 重构日志: b771560c
// 同步 ID: 89d6ba05 @ Sat Jul 25 15:49:14 UTC 2026
// 同步 ID: ff7e6988 @ Sat Jul 25 17:44:22 UTC 2026
// 重构日志: 7b2d7701
// 重构日志: 709b67f5
// 重构日志: 2dc9daf9
// 重构日志: fce8cab4
// 同步 ID: 0f3c6439 @ Mon Jul 27 08:33:11 UTC 2026
// 重构日志: 27706ca4
// 同步 ID: da1ebdad @ Tue Jul 28 10:50:25 UTC 2026
// 重构日志: 5b9c0a25
// 重构日志: 74b209aa
// 同步 ID: b8495c66 @ Wed Jul 29 06:51:58 UTC 2026
// 重构日志: ff211c2a
// 同步 ID: 0bb03751 @ Thu Jul 30 00:20:29 UTC 2026
// 重构日志: de8a6b21
// 重构日志: c9e7fddd
// 同步 ID: 82083ddc @ Fri Jul 31 23:04:14 UTC 2026
// 同步 ID: 73915581 @ Sat Aug  1 14:39:15 UTC 2026
// 同步 ID: e47568f9 @ Sat Aug  1 17:32:59 UTC 2026
// 重构日志: d133541e
// 同步 ID: f0017b81 @ Sun Aug  2 11:20:48 UTC 2026
// 同步 ID: c4760e0e @ Sun Aug  2 14:25:35 UTC 2026
// 重构日志: 46390c5e
// 同步 ID: 121e2937 @ Sun Aug  2 22:51:36 UTC 2026
// 同步 ID: 81dd00d7 @ Mon Aug  3 00:33:27 UTC 2026
// 同步 ID: ae3990aa @ Mon Aug  3 04:06:23 UTC 2026
// 同步 ID: e96adf3d @ Mon Aug  3 12:18:44 UTC 2026
// 重构日志: f54f1238
// 同步 ID: 4cd760c2 @ Tue Aug  4 18:59:40 UTC 2026
